
> ece-society@0.0.0 build
> vite build

[36mvite v8.0.3 [32mbuilding client environment for production...[36m[39m
[2K
transforming...Γ£ô 2162 modules transformed.
rendering chunks...
node.exe : [31mΓ£ù[39m 
Build failed in 1.66s
At C:\Program 
Files\nodejs\npm.ps1:29 char:3
+   & $NODE_EXE $NPM_CLI_JS 
$args
+   
~~~~~~~~~~~~~~~~~~~~~~~~~~~~~
    + CategoryInfo          : 
    NotSpecified: ([31mΓ£ù  
  [39m Build failed in 1.66   
 s:String) [], RemoteExcep    
tion
    + FullyQualifiedErrorId : 
    NativeCommandError
 
[31merror during build:
[31mBuild failed with 6 
errors:

[31m[MISSING_EXPORT] 
Error:[0m "Github" is not 
exported by "node_modules/luci
de-react/dist/esm/lucide-react
.js".
   [38;5;246mΓò¡[0m[38;5;24
6mΓöÇ[0m[38;5;246m[[0m 
src/pages/TeamsPage.jsx:3:10 
[38;5;246m][0m
   [38;5;246mΓöé[0m
 [38;5;246m3 Γöé[0m [38;5;2
49mi[0m[38;5;249mm[0m[38;5
;249mp[0m[38;5;249mo[0m[38
;5;249mr[0m[38;5;249mt[0m[
38;5;249m [0m[38;5;249m{[0m
[38;5;249m [0mGithub[38;5;2
49m,[0m[38;5;249m [0m[38;5
;249mI[0m[38;5;249mn[0m[38
;5;249ms[0m[38;5;249mt[0m[
38;5;249ma[0m[38;5;249mg[0m
[38;5;249mr[0m[38;5;249ma[
0m[38;5;249mm[0m[38;5;249m,
[0m[38;5;249m [0m[38;5;249
mL[0m[38;5;249mi[0m[38;5;2
49mn[0m[38;5;249mk[0m[38;5
;249me[0m[38;5;249md[0m[38
;5;249mi[0m[38;5;249mn[0m[
38;5;249m,[0m[38;5;249m [0m
[38;5;249mM[0m[38;5;249ma[
0m[38;5;249mi[0m[38;5;249ml
[0m[38;5;249m [0m[38;5;249
m}[0m[38;5;249m [0m[38;5;2
49mf[0m[38;5;249mr[0m[38;5
;249mo[0m[38;5;249mm[0m[38
;5;249m [0m[38;5;249m"[0m[
38;5;249ml[0m[38;5;249mu[0m
[38;5;249mc[0m[38;5;249mi[
0m[38;5;249md[0m[38;5;249me
[0m[38;5;249m-[0m[38;5;249
mr[0m[38;5;249me[0m[38;5;2
49ma[0m[38;5;249mc[0m[38;5
;249mt[0m[38;5;249m"[0m[38
;5;249m;[0m
 [38;5;240m  Γöé[0m         
 ΓöÇΓöÇΓöÇΓö¼ΓöÇΓöÇ  
 [38;5;240m  Γöé[0m         
    Γò░ΓöÇΓöÇΓöÇΓöÇ Missing 
export
[38;5;246mΓöÇΓöÇΓöÇΓò»[0m

[31m[MISSING_EXPORT] 
Error:[0m "Instagram" is not 
exported by "node_modules/luci
de-react/dist/esm/lucide-react
.js".
   [38;5;246mΓò¡[0m[38;5;24
6mΓöÇ[0m[38;5;246m[[0m 
src/pages/TeamsPage.jsx:3:18 
[38;5;246m][0m
   [38;5;246mΓöé[0m
 [38;5;246m3 Γöé[0m [38;5;2
49mi[0m[38;5;249mm[0m[38;5
;249mp[0m[38;5;249mo[0m[38
;5;249mr[0m[38;5;249mt[0m[
38;5;249m [0m[38;5;249m{[0m
[38;5;249m [0m[38;5;249mG[
0m[38;5;249mi[0m[38;5;249mt
[0m[38;5;249mh[0m[38;5;249
mu[0m[38;5;249mb[0m[38;5;2
49m,[0m[38;5;249m [0mInstag
ram[38;5;249m,[0m[38;5;249m
 [0m[38;5;249mL[0m[38;5;24
9mi[0m[38;5;249mn[0m[38;5;
249mk[0m[38;5;249me[0m[38;
5;249md[0m[38;5;249mi[0m[3
8;5;249mn[0m[38;5;249m,[0m
[38;5;249m [0m[38;5;249mM[0
m[38;5;249ma[0m[38;5;249mi
[0m[38;5;249ml[0m[38;5;249m
 [0m[38;5;249m}[0m[38;5;24
9m [0m[38;5;249mf[0m[38;5;
249mr[0m[38;5;249mo[0m[38;
5;249mm[0m[38;5;249m [0m[3
8;5;249m"[0m[38;5;249ml[0m
[38;5;249mu[0m[38;5;249mc[0
m[38;5;249mi[0m[38;5;249md
[0m[38;5;249me[0m[38;5;249m
-[0m[38;5;249mr[0m[38;5;24
9me[0m[38;5;249ma[0m[38;5;
249mc[0m[38;5;249mt[0m[38;
5;249m"[0m[38;5;249m;[0m
 [38;5;240m  Γöé[0m         
         
ΓöÇΓöÇΓöÇΓöÇΓö¼ΓöÇΓöÇΓöÇΓöÇ  
 [38;5;240m  Γöé[0m         
             
Γò░ΓöÇΓöÇΓöÇΓöÇΓöÇΓöÇ Missing 
export
[38;5;246mΓöÇΓöÇΓöÇΓò»[0m

[31m[MISSING_EXPORT] 
Error:[0m "Linkedin" is not 
exported by "node_modules/luci
de-react/dist/esm/lucide-react
.js".
   [38;5;246mΓò¡[0m[38;5;24
6mΓöÇ[0m[38;5;246m[[0m 
src/pages/TeamsPage.jsx:3:29 
[38;5;246m][0m
   [38;5;246mΓöé[0m
 [38;5;246m3 Γöé[0m [38;5;2
49mi[0m[38;5;249mm[0m[38;5
;249mp[0m[38;5;249mo[0m[38
;5;249mr[0m[38;5;249mt[0m[
38;5;249m [0m[38;5;249m{[0m
[38;5;249m [0m[38;5;249mG[
0m[38;5;249mi[0m[38;5;249mt
[0m[38;5;249mh[0m[38;5;249
mu[0m[38;5;249mb[0m[38;5;2
49m,[0m[38;5;249m [0m[38;5
;249mI[0m[38;5;249mn[0m[38
;5;249ms[0m[38;5;249mt[0m[
38;5;249ma[0m[38;5;249mg[0m
[38;5;249mr[0m[38;5;249ma[
0m[38;5;249mm[0m[38;5;249m,
[0m[38;5;249m [0mLinkedin[
38;5;249m,[0m[38;5;249m [0m
[38;5;249mM[0m[38;5;249ma[
0m[38;5;249mi[0m[38;5;249ml
[0m[38;5;249m [0m[38;5;249
m}[0m[38;5;249m [0m[38;5;2
49mf[0m[38;5;249mr[0m[38;5
;249mo[0m[38;5;249mm[0m[38
;5;249m [0m[38;5;249m"[0m[
38;5;249ml[0m[38;5;249mu[0m
[38;5;249mc[0m[38;5;249mi[
0m[38;5;249md[0m[38;5;249me
[0m[38;5;249m-[0m[38;5;249
mr[0m[38;5;249me[0m[38;5;2
49ma[0m[38;5;249mc[0m[38;5
;249mt[0m[38;5;249m"[0m[38
;5;249m;[0m
 [38;5;240m  Γöé[0m         
                    
ΓöÇΓöÇΓöÇΓöÇΓö¼ΓöÇΓöÇΓöÇ  
 [38;5;240m  Γöé[0m         
                        
Γò░ΓöÇΓöÇΓöÇΓöÇΓöÇ Missing 
export
[38;5;246mΓöÇΓöÇΓöÇΓò»[0m

[31m[MISSING_EXPORT] 
Error:[0m "Github" is not 
exported by "node_modules/luci
de-react/dist/esm/lucide-react
.js".
   [38;5;246mΓò¡[0m[38;5;24
6mΓöÇ[0m[38;5;246m[[0m 
src/pages/AlumniPage.jsx:3:10 
[38;5;246m][0m
   [38;5;246mΓöé[0m
 [38;5;246m3 Γöé[0m [38;5;2
49mi[0m[38;5;249mm[0m[38;5
;249mp[0m[38;5;249mo[0m[38
;5;249mr[0m[38;5;249mt[0m[
38;5;249m [0m[38;5;249m{[0m
[38;5;249m [0mGithub[38;5;2
49m,[0m[38;5;249m [0m[38;5
;249mI[0m[38;5;249mn[0m[38
;5;249ms[0m[38;5;249mt[0m[
38;5;249ma[0m[38;5;249mg[0m
[38;5;249mr[0m[38;5;249ma[
0m[38;5;249mm[0m[38;5;249m,
[0m[38;5;249m [0m[38;5;249
mL[0m[38;5;249mi[0m[38;5;2
49mn[0m[38;5;249mk[0m[38;5
;249me[0m[38;5;249md[0m[38
;5;249mi[0m[38;5;249mn[0m[
38;5;249m,[0m[38;5;249m [0m
[38;5;249mM[0m[38;5;249ma[
0m[38;5;249mi[0m[38;5;249ml
[0m[38;5;249m [0m[38;5;249
m}[0m[38;5;249m [0m[38;5;2
49mf[0m[38;5;249mr[0m[38;5
;249mo[0m[38;5;249mm[0m[38
;5;249m [0m[38;5;249m"[0m[
38;5;249ml[0m[38;5;249mu[0m
[38;5;249mc[0m[38;5;249mi[
0m[38;5;249md[0m[38;5;249me
[0m[38;5;249m-[0m[38;5;249
mr[0m[38;5;249me[0m[38;5;2
49ma[0m[38;5;249mc[0m[38;5
;249mt[0m[38;5;249m"[0m[38
;5;249m;[0m
 [38;5;240m  Γöé[0m         
 ΓöÇΓöÇΓöÇΓö¼ΓöÇΓöÇ  
 [38;5;240m  Γöé[0m         
    Γò░ΓöÇΓöÇΓöÇΓöÇ Missing 
export
[38;5;246mΓöÇΓöÇΓöÇΓò»[0m

[31m[MISSING_EXPORT] 
Error:[0m "Instagram" is not 
exported by "node_modules/luci
de-react/dist/esm/lucide-react
.js".
   [38;5;246mΓò¡[0m[38;5;24
6mΓöÇ[0m[38;5;246m[[0m 
src/pages/AlumniPage.jsx:3:18 
[38;5;246m][0m
   [38;5;246mΓöé[0m
 [38;5;246m3 Γöé[0m [38;5;2
49mi[0m[38;5;249mm[0m[38;5
;249mp[0m[38;5;249mo[0m[38
;5;249mr[0m[38;5;249mt[0m[
38;5;249m [0m[38;5;249m{[0m
[38;5;249m [0m[38;5;249mG[
0m[38;5;249mi[0m[38;5;249mt
[0m[38;5;249mh[0m[38;5;249
mu[0m[38;5;249mb[0m[38;5;2
49m,[0m[38;5;249m [0mInstag
ram[38;5;249m,[0m[38;5;249m
 [0m[38;5;249mL[0m[38;5;24
9mi[0m[38;5;249mn[0m[38;5;
249mk[0m[38;5;249me[0m[38;
5;249md[0m[38;5;249mi[0m[3
8;5;249mn[0m[38;5;249m,[0m
[38;5;249m [0m[38;5;249mM[0
m[38;5;249ma[0m[38;5;249mi
[0m[38;5;249ml[0m[38;5;249m
 [0m[38;5;249m}[0m[38;5;24
9m [0m[38;5;249mf[0m[38;5;
249mr[0m[38;5;249mo[0m[38;
5;249mm[0m[38;5;249m [0m[3
8;5;249m"[0m[38;5;249ml[0m
[38;5;249mu[0m[38;5;249mc[0
m[38;5;249mi[0m[38;5;249md
[0m[38;5;249me[0m[38;5;249m
-[0m[38;5;249mr[0m[38;5;24
9me[0m[38;5;249ma[0m[38;5;
249mc[0m[38;5;249mt[0m[38;
5;249m"[0m[38;5;249m;[0m
 [38;5;240m  Γöé[0m         
         
ΓöÇΓöÇΓöÇΓöÇΓö¼ΓöÇΓöÇΓöÇΓöÇ  
 [38;5;240m  Γöé[0m         
             
Γò░ΓöÇΓöÇΓöÇΓöÇΓöÇΓöÇ Missing 
export
[38;5;246mΓöÇΓöÇΓöÇΓò»[0m

...[31m
    at aggregateBindingErrorsI
ntoJsError (file:///C:/Users/D
ELL/Desktop/ece%20society/ece-
society/node_modules/rolldown/
dist/shared/error-BLhcSyeg.mjs
:48:18)
    at unwrapBindingResult (fi
le:///C:/Users/DELL/Desktop/ec
e%20society/ece-society/node_m
odules/rolldown/dist/shared/er
ror-BLhcSyeg.mjs:18:128)
    at #build (file:///C:/User
s/DELL/Desktop/ece%20society/e
ce-society/node_modules/rolldo
wn/dist/shared/rolldown-build-
CPrIX9V6.mjs:3313:34)
    at async buildEnvironment 
(file:///C:/Users/DELL/Desktop
/ece%20society/ece-society/nod
e_modules/vite/dist/node/chunk
s/node.js:32849:64)
    at async Object.build (fil
e:///C:/Users/DELL/Desktop/ece
%20society/ece-society/node_mo
dules/vite/dist/node/chunks/no
de.js:33271:19)
    at async Object.buildApp (
file:///C:/Users/DELL/Desktop/
ece%20society/ece-society/node
_modules/vite/dist/node/chunks
/node.js:33268:153)
    at async CAC.<anonymous> (
file:///C:/Users/DELL/Desktop/
ece%20society/ece-society/node
_modules/vite/dist/node/cli.js
:778:3) {
  errors: [Getter/Setter]
}[39m
